============================= test session starts ==============================
platform linux -- Python 3.13.12, pytest-9.0.3, pluggy-1.6.0 -- /mnt/LOCAL-DATA/github/wikipediaGATN/venv/bin/python3
cachedir: .pytest_cache
rootdir: /mnt/LOCAL-DATA/github/wikipediaGATN
configfile: pyproject.toml
testpaths: tests
plugins: cov-7.1.0
collecting ... collected 143 items

tests/test_adjacency.py::TestErrors::test_raises_when_csv_missing PASSED [  0%]
tests/test_adjacency.py::TestErrors::test_raises_when_all_origins_malformed FAILED [  1%]
tests/test_adjacency.py::TestErrors::test_raises_when_csv_empty FAILED   [  2%]
tests/test_adjacency.py::TestDirectedMatrix::test_returns_two_strings FAILED [  2%]
tests/test_adjacency.py::TestDirectedMatrix::test_output_files_exist FAILED [  3%]
tests/test_adjacency.py::TestDirectedMatrix::test_output_filenames_directed FAILED [  4%]
tests/test_adjacency.py::TestDirectedMatrix::test_matrix_shape_matches_node_count FAILED [  4%]
tests/test_adjacency.py::TestDirectedMatrix::test_node_list_is_sorted FAILED [  5%]
tests/test_adjacency.py::TestDirectedMatrix::test_directed_edge_present_reverse_absent FAILED [  6%]
tests/test_adjacency.py::TestDirectedMatrix::test_all_values_binary FAILED [  6%]
tests/test_adjacency.py::TestDirectedMatrix::test_self_loops_excluded FAILED [  7%]
tests/test_adjacency.py::TestDirectedMatrix::test_malformed_destination_tokens_silently_dropped FAILED [  8%]
tests/test_adjacency.py::TestDirectedMatrix::test_nan_origin_rows_dropped FAILED [  9%]
tests/test_adjacency.py::TestDirectedMatrix::test_destination_only_airport_appears_in_nodes FAILED [  9%]
tests/test_adjacency.py::TestDirectedMatrix::test_single_self_loop_node FAILED [ 10%]
tests/test_adjacency.py::TestSymmetricMatrix::test_output_filenames_symmetric FAILED [ 11%]
tests/test_adjacency.py::TestSymmetricMatrix::test_symmetric_adds_reverse_edge FAILED [ 11%]
tests/test_adjacency.py::TestSymmetricMatrix::test_symmetric_matrix_equals_transpose FAILED [ 12%]
tests/test_adjacency.py::TestSymmetricMatrix::test_symmetric_nnz_ge_directed FAILED [ 13%]
tests/test_adjacency.py::TestCsvExport::test_csv_not_written_by_default FAILED [ 13%]
tests/test_adjacency.py::TestCsvExport::test_csv_written_when_requested FAILED [ 14%]
tests/test_adjacency.py::TestCsvExport::test_csv_has_iata_row_and_column_labels FAILED [ 15%]
tests/test_airport_level.py::test_get_wikipedia_airport_page_link_url PASSED [ 16%]
tests/test_airport_level.py::test_get_wikipedia_airport_page_link_iata PASSED [ 16%]
tests/test_airport_level.py::test_get_wikipedia_airport_page_link_freetext PASSED [ 17%]
tests/test_airport_level.py::test_get_wikipedia_airport_page_link_freetext_has_airport PASSED [ 18%]
tests/test_airport_level.py::test_get_wikipedia_airport_page_link_request_exception FAILED [ 18%]
tests/test_airport_level.py::test_get_wikipedia_airport_page_link_json_error FAILED [ 19%]
tests/test_airport_level.py::test_get_wikipedia_airport_page_link_no_results PASSED [ 20%]
tests/test_airport_level.py::test_get_wikipedia_airport_page_link_prefer_airport_title PASSED [ 20%]
tests/test_airport_level.py::test_get_wikipedia_airport_page_link_verbose PASSED [ 21%]
tests/test_airport_level.py::test_get_wikipedia_airport_page_link_verbose_url PASSED [ 22%]
tests/test_connections.py::TestNormalizeUrl::test_basic_lowercased PASSED [ 23%]
tests/test_connections.py::TestNormalizeUrl::test_trailing_slash_removed PASSED [ 23%]
tests/test_connections.py::TestNormalizeUrl::test_empty_string_returns_empty PASSED [ 24%]
tests/test_connections.py::TestNormalizeUrl::test_none_returns_empty PASSED [ 25%]
tests/test_connections.py::TestNormalizeUrl::test_already_lowercase_unchanged PASSED [ 25%]
tests/test_connections.py::TestNormalizeUrl::test_percent_encoding_decoded PASSED [ 26%]
tests/test_connections.py::TestNormalizeUrl::test_result_is_always_lowercase PASSED [ 27%]
tests/test_connections.py::TestExtractAirportNameFromUrl::test_basic_extraction PASSED [ 27%]
tests/test_connections.py::TestExtractAirportNameFromUrl::test_airport_suffix_stripped PASSED [ 28%]
tests/test_connections.py::TestExtractAirportNameFromUrl::test_international_suffix_stripped PASSED [ 29%]
tests/test_connections.py::TestExtractAirportNameFromUrl::test_underscores_replaced_with_spaces PASSED [ 30%]
tests/test_connections.py::TestExtractAirportNameFromUrl::test_no_wiki_segment_returns_none PASSED [ 30%]
tests/test_connections.py::TestExtractAirportNameFromUrl::test_empty_string_returns_none PASSED [ 31%]
tests/test_connections.py::TestExtractAirportNameFromUrl::test_none_returns_none PASSED [ 32%]
tests/test_connections.py::TestFuzzyMatchIata::test_exact_match_returns_code_and_high_ratio FAILED [ 32%]
tests/test_connections.py::TestFuzzyMatchIata::test_below_threshold_returns_none FAILED [ 33%]
tests/test_connections.py::TestFuzzyMatchIata::test_empty_name_returns_none FAILED [ 34%]
tests/test_connections.py::TestFuzzyMatchIata::test_empty_dict_returns_none FAILED [ 34%]
tests/test_connections.py::TestFuzzyMatchIata::test_matching_is_case_insensitive FAILED [ 35%]
tests/test_connections.py::TestFuzzyMatchIata::test_returns_best_among_multiple_candidates FAILED [ 36%]
tests/test_connections.py::TestFuzzyMatchIata::test_ratio_is_float FAILED [ 37%]
tests/test_connections.py::TestBuildUrlToIataMapping::test_returns_two_dicts PASSED [ 37%]
tests/test_connections.py::TestBuildUrlToIataMapping::test_empty_when_no_source_files PASSED [ 38%]
tests/test_connections.py::TestBuildUrlToIataMapping::test_loads_airports_information_csv FAILED [ 39%]
tests/test_connections.py::TestBuildUrlToIataMapping::test_name_mapping_populated FAILED [ 39%]
tests/test_connections.py::TestBuildUrlToIataMapping::test_manual_mapping_overrides_airports_csv FAILED [ 40%]
tests/test_connections.py::TestCreateOutboundConnectionsList::test_raises_when_tmp_results_dir_missing PASSED [ 41%]
tests/test_connections.py::TestCreateOutboundConnectionsList::test_returns_tuple_of_two_strings PASSED [ 41%]
tests/test_connections.py::TestCreateOutboundConnectionsList::test_connections_csv_created PASSED [ 42%]
tests/test_connections.py::TestCreateOutboundConnectionsList::test_connections_csv_contains_origin PASSED [ 43%]
tests/test_connections.py::TestCreateOutboundConnectionsList::test_destinations_resolved_via_airports_csv FAILED [ 44%]
tests/test_connections.py::TestCreateOutboundConnectionsList::test_unmapped_csv_none_when_export_false PASSED [ 44%]
tests/test_connections.py::TestCreateOutboundConnectionsList::test_unmapped_csv_written_when_destinations_unresolved PASSED [ 45%]
tests/test_connections.py::TestCreateOutboundConnectionsList::test_lower_distance_file_wins_over_higher FAILED [ 46%]
tests/test_connections.py::TestCreateOutboundConnectionsList::test_corrupt_json_skipped_without_crash PASSED [ 46%]
tests/test_extract_iata.py::TestExtractIataFromWikipediaPage::test_standard_infobox_format PASSED [ 47%]
tests/test_extract_iata.py::TestExtractIataFromWikipediaPage::test_icao_also_extracted PASSED [ 48%]
tests/test_extract_iata.py::TestExtractIataFromWikipediaPage::test_iata_not_found_returns_none PASSED [ 48%]
tests/test_extract_iata.py::TestExtractIataFromWikipediaPage::test_network_error_returns_error_dict PASSED [ 49%]
tests/test_extract_iata.py::TestExtractIataFromWikipediaPage::test_http_error_returns_error_dict PASSED [ 50%]
tests/test_extract_iata.py::TestExtractIataFromWikipediaPage::test_extracts_from_third_paragraph PASSED [ 51%]
tests/test_extract_iata.py::TestExtractIataFromWikipediaPage::test_four_letter_token_not_accepted_as_iata PASSED [ 51%]
tests/test_extract_iata.py::TestExtractIataFromWikipediaPage::test_disambiguation_page_skipped PASSED [ 52%]
tests/test_extract_iata.py::TestExtractIataFromWikipediaPage::test_result_keys_always_present PASSED [ 53%]
tests/test_extract_iata.py::TestExtractIataFromWikipediaPage::test_unsafe_url_returns_validation_error PASSED [ 53%]
tests/test_extract_iata.py::TestExtractIataFromUnmappedDestinations::test_raises_when_csv_missing PASSED [ 54%]
tests/test_extract_iata.py::TestExtractIataFromUnmappedDestinations::test_empty_csv_returns_zero_counts PASSED [ 55%]
tests/test_extract_iata.py::TestExtractIataFromUnmappedDestinations::test_existing_iata_counted_as_skipped PASSED [ 55%]
tests/test_extract_iata.py::TestExtractIataFromUnmappedDestinations::test_successful_extraction_increments_successful PASSED [ 56%]
tests/test_extract_iata.py::TestExtractIataFromUnmappedDestinations::test_failed_extraction_increments_failed PASSED [ 57%]
tests/test_extract_iata.py::TestExtractIataFromUnmappedDestinations::test_return_dict_has_expected_keys PASSED [ 58%]
tests/test_extract_iata.py::TestCreateManualMappingFromScrapedData::test_raises_when_unmapped_csv_missing PASSED [ 58%]
tests/test_extract_iata.py::TestCreateManualMappingFromScrapedData::test_raises_on_invalid_confidence PASSED [ 59%]
tests/test_extract_iata.py::TestCreateManualMappingFromScrapedData::test_high_confidence_entry_included PASSED [ 60%]
tests/test_extract_iata.py::TestCreateManualMappingFromScrapedData::test_low_confidence_entry_excluded PASSED [ 60%]
tests/test_extract_iata.py::TestCreateManualMappingFromScrapedData::test_empty_iata_skipped PASSED [ 61%]
tests/test_extract_iata.py::TestCreateManualMappingFromScrapedData::test_multiple_valid_entries PASSED [ 62%]
tests/test_extract_iata.py::TestCreateManualMappingFromScrapedData::test_output_csv_fieldnames PASSED [ 62%]
tests/test_network_level.py::TestCheckProcessedList::test_missing_csv_returns_gracefully PASSED [ 63%]
tests/test_network_level.py::TestCheckProcessedList::test_empty_csv_returns_gracefully PASSED [ 64%]
tests/test_network_level.py::TestCheckProcessedList::test_unexpected_headers_returns_gracefully PASSED [ 65%]
tests/test_network_level.py::TestCheckProcessedList::test_deduplication_and_sorting PASSED [ 65%]
tests/test_network_level.py::TestCheckProcessedList::test_failed_lookups_exported PASSED [ 66%]
tests/test_network_level.py::TestCheckProcessedList::test_no_failed_lookups_does_not_create_file PASSED [ 67%]
tests/test_real_data.py::TestExportAllAirportData::test_creates_airports_information_csv PASSED [ 67%]
tests/test_real_data.py::TestExportAllAirportData::test_airports_csv_has_expected_columns PASSED [ 68%]
tests/test_real_data.py::TestExportAllAirportData::test_airports_csv_non_empty PASSED [ 69%]
tests/test_real_data.py::TestExportAllAirportData::test_airports_csv_iata_codes_uppercase PASSED [ 69%]
tests/test_real_data.py::TestExportAllAirportData::test_returns_absolute_path PASSED [ 70%]
tests/test_real_data.py::TestCheckDuplicatedIataCodes::test_returns_int PASSED [ 71%]
tests/test_real_data.py::TestCheckDuplicatedIataCodes::test_no_duplicates_after_running PASSED [ 72%]
tests/test_real_data.py::TestCreateOutboundConnectionsList::test_creates_connections_csv PASSED [ 72%]
tests/test_real_data.py::TestCreateOutboundConnectionsList::test_connections_csv_has_expected_columns PASSED [ 73%]
tests/test_real_data.py::TestCreateOutboundConnectionsList::test_connections_csv_non_empty PASSED [ 74%]
tests/test_real_data.py::TestCreateOutboundConnectionsList::test_unmapped_csv_created_when_requested PASSED [ 74%]
tests/test_real_data.py::TestCreateOutboundConnectionsList::test_origin_codes_are_valid_iata PASSED [ 75%]
tests/test_result_processing.py::test_export_all_airport_data_invalid_json PASSED [ 76%]
tests/test_result_processing.py::test_export_all_airport_data_missing_dir PASSED [ 76%]
tests/test_wikipedia_airport_level.py::TestGetWikipediaAirportPageHtml::test_get_html_success PASSED [ 77%]
tests/test_wikipedia_airport_level.py::TestGetWikipediaAirportPageHtml::test_get_html_verbose PASSED [ 78%]
tests/test_wikipedia_airport_level.py::TestGetWikipediaAirportPageHtml::test_get_html_invalid_url PASSED [ 79%]
tests/test_wikipedia_airport_level.py::TestGetWikipediaAirportPageHtml::test_get_html_request_exception FAILED [ 79%]
tests/test_wikipedia_airport_level.py::TestGetWikipediaAirportPageHtml::test_get_html_no_content PASSED [ 80%]
tests/test_wikipedia_airport_level.py::TestGetWikipediaAirportPageHtml::test_get_html_json_error FAILED [ 81%]
tests/test_wikipedia_network_level.py::TestLevelPattern::test_matches_iata_format PASSED [ 81%]
tests/test_wikipedia_network_level.py::TestLevelPattern::test_matches_wiki_prefix_format PASSED [ 82%]
tests/test_wikipedia_network_level.py::TestLevelPattern::test_does_not_match_other_files PASSED [ 83%]
tests/test_wikipedia_network_level.py::TestFindMaxLevel::test_empty_dir_returns_minus_one PASSED [ 83%]
tests/test_wikipedia_network_level.py::TestFindMaxLevel::test_finds_max_iata_level PASSED [ 84%]
tests/test_wikipedia_network_level.py::TestFindMaxLevel::test_ignores_wiki_prefix_files PASSED [ 85%]
tests/test_wikipedia_network_level.py::TestFindMaxLevel::test_ignores_non_json_files PASSED [ 86%]
tests/test_wikipedia_network_level.py::TestReadProcessedUrls::test_missing_file_returns_empty_set PASSED [ 86%]
tests/test_wikipedia_network_level.py::TestReadProcessedUrls::test_reads_urls_from_csv PASSED [ 87%]
tests/test_wikipedia_network_level.py::TestReadProcessedUrls::test_handles_empty_url_column PASSED [ 88%]
tests/test_wikipedia_network_level.py::TestCleanOutputDirectory::test_removes_all_json_files_when_levels_is_none PASSED [ 88%]
tests/test_wikipedia_network_level.py::TestCleanOutputDirectory::test_removes_only_specified_levels PASSED [ 89%]
tests/test_wikipedia_network_level.py::TestCleanOutputDirectory::test_handles_nonexistent_directory PASSED [ 90%]
tests/test_wikipedia_network_level.py::TestCleanOutputDirectory::test_warns_on_os_error_during_json_removal PASSED [ 90%]
tests/test_wikipedia_network_level.py::TestCleanOutputDirectory::test_warns_on_os_error_during_csv_removal PASSED [ 91%]
tests/test_wikipedia_network_level.py::TestCheckProcessedList::test_deduplicates_urls_and_sorts_entries PASSED [ 92%]
tests/test_wikipedia_network_level.py::TestCheckProcessedList::test_exports_none_iata_to_failed_lookups PASSED [ 93%]
tests/test_wikipedia_network_level.py::TestCheckProcessedList::test_missing_file_handled_gracefully PASSED [ 93%]
tests/test_wikipedia_network_level.py::TestCheckProcessedList::test_unexpected_headers_warned_if_verbose PASSED [ 94%]
tests/test_wikipedia_network_level.py::TestGetConnectionsLevelN::test_processes_files_at_correct_level_and_fetches_destinations PASSED [ 95%]
tests/test_wikipedia_network_level.py::TestGetConnectionsLevelN::test_skips_already_processed_urls PASSED [ 95%]
tests/test_wikipedia_network_level.py::TestGetConnectionsLevelN::test_handles_corrupt_json_with_warning PASSED [ 96%]
tests/test_wikipedia_network_level.py::TestGetConnectionsLevelN::test_handles_malformed_destination_entry PASSED [ 97%]
tests/test_wikipedia_network_level.py::TestHighLevelIteration::test_iterate_search_until_distance_N PASSED [ 97%]
tests/test_wikipedia_network_level.py::TestHighLevelIteration::test_iterate_search_until_empty PASSED [ 98%]
tests/test_wikipedia_network_level.py::TestHighLevelIteration::test_continue_existing_search_one_step PASSED [ 99%]
tests/test_wikipedia_network_level.py::TestHighLevelIteration::test_continue_existing_search_until_empty PASSED [100%]

=================================== FAILURES ===================================
______________ TestErrors.test_raises_when_all_origins_malformed _______________

self = <tests.test_adjacency.TestErrors object at 0x7f4c4156d810>
public_dir = PosixPath('/tmp/pytest-of-jarino/pytest-5/test_raises_when_all_origins_m0/public')

    def test_raises_when_all_origins_malformed(self, public_dir):
        """ValueError when every origin row fails IATA validation."""
>       _write_connections(public_dir, [
            {"origin": "TOOLONG", "nb_outlinks": 1, "outlinks": "YYZ"},
            {"origin": "12",      "nb_outlinks": 1, "outlinks": "YUL"},
        ])

tests/test_adjacency.py:60: 
_ _ _ _ _ _ _ _ _ _ _ _ _ _ _ _ _ _ _ _ _ _ _ _ _ _ _ _ _ _ _ _ _ _ _ _ _ _ _ _ 
tests/test_adjacency.py:39: in _write_connections
    df.to_csv(csv_path, index=False)
venv/lib/python3.13/site-packages/pandas/core/generic.py:3988: in to_csv
    return DataFrameRenderer(formatter).to_csv(
venv/lib/python3.13/site-packages/pandas/io/formats/format.py:1025: in to_csv
    csv_formatter.save()
venv/lib/python3.13/site-packages/pandas/io/formats/csvs.py:272: in save
    self._save()
venv/lib/python3.13/site-packages/pandas/io/formats/csvs.py:275: in _save
    if self._need_to_save_header:
       ^^^^^^^^^^^^^^^^^^^^^^^^^
venv/lib/python3.13/site-packages/pandas/io/formats/csvs.py:217: in _need_to_save_header
    return bool(self._has_aliases or self.header)
                ^^^^^^^^^^^^^^^^^
_ _ _ _ _ _ _ _ _ _ _ _ _ _ _ _ _ _ _ _ _ _ _ _ _ _ _ _ _ _ _ _ _ _ _ _ _ _ _ _ 

self = <pandas.io.formats.csvs.CSVFormatter object at 0x7f4c3b6c8440>

    @property
    def _has_aliases(self) -> bool:
>       return isinstance(self.header, (tuple, list, np.ndarray, ABCIndex))
               ^^^^^^^^^^^^^^^^^^^^^^^^^^^^^^^^^^^^^^^^^^^^^^^^^^^^^^^^^^^^
E       TypeError: isinstance() arg 2 must be a type, a tuple of types, or a union

venv/lib/python3.13/site-packages/pandas/io/formats/csvs.py:213: TypeError
____________________ TestErrors.test_raises_when_csv_empty _____________________

self = Index([], dtype='object'), key = 'origin'

    def get_loc(self, key):
        """
        Get integer location, slice or boolean mask for requested label.
    
        Parameters
        ----------
        key : label
            The key to check its location if it is present in the index.
    
        Returns
        -------
        int if unique index, slice if monotonic index, else mask
            Integer location, slice or boolean mask.
    
        See Also
        --------
        Index.get_slice_bound : Calculate slice bound that corresponds to
            given label.
        Index.get_indexer : Computes indexer and mask for new index given
            the current index.
        Index.get_non_unique : Returns indexer and masks for new index given
            the current index.
        Index.get_indexer_for : Returns an indexer even when non-unique.
    
        Examples
        --------
        >>> unique_index = pd.Index(list("abc"))
        >>> unique_index.get_loc("b")
        1
    
        >>> monotonic_index = pd.Index(list("abbc"))
        >>> monotonic_index.get_loc("b")
        slice(1, 3, None)
    
        >>> non_monotonic_index = pd.Index(list("abcb"))
        >>> non_monotonic_index.get_loc("b")
        array([False,  True, False,  True])
        """
        casted_key = self._maybe_cast_indexer(key)
        try:
>           return self._engine.get_loc(casted_key)
                   ^^^^^^^^^^^^^^^^^^^^^^^^^^^^^^^^

venv/lib/python3.13/site-packages/pandas/core/indexes/base.py:3641: 
_ _ _ _ _ _ _ _ _ _ _ _ _ _ _ _ _ _ _ _ _ _ _ _ _ _ _ _ _ _ _ _ _ _ _ _ _ _ _ _ 
pandas/_libs/index.pyx:168: in pandas._libs.index.IndexEngine.get_loc
    ???
pandas/_libs/index.pyx:197: in pandas._libs.index.IndexEngine.get_loc
    ???
pandas/_libs/hashtable_class_helper.pxi:7668: in pandas._libs.hashtable.PyObjectHashTable.get_item
    ???
_ _ _ _ _ _ _ _ _ _ _ _ _ _ _ _ _ _ _ _ _ _ _ _ _ _ _ _ _ _ _ _ _ _ _ _ _ _ _ _ 

>   ???
E   KeyError: 'origin'

pandas/_libs/hashtable_class_helper.pxi:7676: KeyError

The above exception was the direct cause of the following exception:

self = <tests.test_adjacency.TestErrors object at 0x7f4c414642b0>
public_dir = PosixPath('/tmp/pytest-of-jarino/pytest-5/test_raises_when_csv_empty0/public')

    def test_raises_when_csv_empty(self, public_dir):
        """ValueError (or EmptyDataError) on a header-only CSV."""
        (public_dir / "outbound_connections.csv").write_text(
            "origin,nb_outlinks,outlinks\n"
        )
        with pytest.raises((ValueError, pd.errors.EmptyDataError)):
>           create_outbound_adjacency_matrix(verbose=False)

tests/test_adjacency.py:73: 
_ _ _ _ _ _ _ _ _ _ _ _ _ _ _ _ _ _ _ _ _ _ _ _ _ _ _ _ _ _ _ _ _ _ _ _ _ _ _ _ 
src/wikipediaGATN/adjacency.py:125: in create_outbound_adjacency_matrix
    df = df[df["origin"].apply(lambda x: _is_valid_iata(str(x).strip()))]
            ^^^^^^^^^^^^
venv/lib/python3.13/site-packages/pandas/core/frame.py:4378: in __getitem__
    indexer = self.columns.get_loc(key)
              ^^^^^^^^^^^^^^^^^^^^^^^^^
_ _ _ _ _ _ _ _ _ _ _ _ _ _ _ _ _ _ _ _ _ _ _ _ _ _ _ _ _ _ _ _ _ _ _ _ _ _ _ _ 

self = Index([], dtype='object'), key = 'origin'

    def get_loc(self, key):
        """
        Get integer location, slice or boolean mask for requested label.
    
        Parameters
        ----------
        key : label
            The key to check its location if it is present in the index.
    
        Returns
        -------
        int if unique index, slice if monotonic index, else mask
            Integer location, slice or boolean mask.
    
        See Also
        --------
        Index.get_slice_bound : Calculate slice bound that corresponds to
            given label.
        Index.get_indexer : Computes indexer and mask for new index given
            the current index.
        Index.get_non_unique : Returns indexer and masks for new index given
            the current index.
        Index.get_indexer_for : Returns an indexer even when non-unique.
    
        Examples
        --------
        >>> unique_index = pd.Index(list("abc"))
        >>> unique_index.get_loc("b")
        1
    
        >>> monotonic_index = pd.Index(list("abbc"))
        >>> monotonic_index.get_loc("b")
        slice(1, 3, None)
    
        >>> non_monotonic_index = pd.Index(list("abcb"))
        >>> non_monotonic_index.get_loc("b")
        array([False,  True, False,  True])
        """
        casted_key = self._maybe_cast_indexer(key)
        try:
            return self._engine.get_loc(casted_key)
        except KeyError as err:
            if isinstance(casted_key, slice) or (
                isinstance(casted_key, abc.Iterable)
                and any(isinstance(x, slice) for x in casted_key)
            ):
                raise InvalidIndexError(key) from err
>           raise KeyError(key) from err
E           KeyError: 'origin'

venv/lib/python3.13/site-packages/pandas/core/indexes/base.py:3648: KeyError
_________________ TestDirectedMatrix.test_returns_two_strings __________________

self = <tests.test_adjacency.TestDirectedMatrix object at 0x7f4c4156d1d0>
public_dir = PosixPath('/tmp/pytest-of-jarino/pytest-5/test_returns_two_strings0/public')

    def test_returns_two_strings(self, public_dir):
        """Return value is a ``(str, str)`` tuple."""
>       _write_connections(public_dir, [
            {"origin": "YWG", "nb_outlinks": 1, "outlinks": "YYZ"},
        ])

tests/test_adjacency.py:84: 
_ _ _ _ _ _ _ _ _ _ _ _ _ _ _ _ _ _ _ _ _ _ _ _ _ _ _ _ _ _ _ _ _ _ _ _ _ _ _ _ 
tests/test_adjacency.py:39: in _write_connections
    df.to_csv(csv_path, index=False)
venv/lib/python3.13/site-packages/pandas/core/generic.py:3988: in to_csv
    return DataFrameRenderer(formatter).to_csv(
venv/lib/python3.13/site-packages/pandas/io/formats/format.py:1025: in to_csv
    csv_formatter.save()
venv/lib/python3.13/site-packages/pandas/io/formats/csvs.py:272: in save
    self._save()
venv/lib/python3.13/site-packages/pandas/io/formats/csvs.py:275: in _save
    if self._need_to_save_header:
       ^^^^^^^^^^^^^^^^^^^^^^^^^
venv/lib/python3.13/site-packages/pandas/io/formats/csvs.py:217: in _need_to_save_header
    return bool(self._has_aliases or self.header)
                ^^^^^^^^^^^^^^^^^
_ _ _ _ _ _ _ _ _ _ _ _ _ _ _ _ _ _ _ _ _ _ _ _ _ _ _ _ _ _ _ _ _ _ _ _ _ _ _ _ 

self = <pandas.io.formats.csvs.CSVFormatter object at 0x7f4c3b6dd450>

    @property
    def _has_aliases(self) -> bool:
>       return isinstance(self.header, (tuple, list, np.ndarray, ABCIndex))
               ^^^^^^^^^^^^^^^^^^^^^^^^^^^^^^^^^^^^^^^^^^^^^^^^^^^^^^^^^^^^
E       TypeError: isinstance() arg 2 must be a type, a tuple of types, or a union

venv/lib/python3.13/site-packages/pandas/io/formats/csvs.py:213: TypeError
__________________ TestDirectedMatrix.test_output_files_exist __________________

self = <tests.test_adjacency.TestDirectedMatrix object at 0x7f4c4156d950>
public_dir = PosixPath('/tmp/pytest-of-jarino/pytest-5/test_output_files_exist0/public')

    def test_output_files_exist(self, public_dir):
        """Both ``.npz`` and ``.txt`` files are written."""
>       _write_connections(public_dir, [
            {"origin": "YWG", "nb_outlinks": 1, "outlinks": "YYZ"},
        ])

tests/test_adjacency.py:93: 
_ _ _ _ _ _ _ _ _ _ _ _ _ _ _ _ _ _ _ _ _ _ _ _ _ _ _ _ _ _ _ _ _ _ _ _ _ _ _ _ 
tests/test_adjacency.py:39: in _write_connections
    df.to_csv(csv_path, index=False)
venv/lib/python3.13/site-packages/pandas/core/generic.py:3988: in to_csv
    return DataFrameRenderer(formatter).to_csv(
venv/lib/python3.13/site-packages/pandas/io/formats/format.py:1025: in to_csv
    csv_formatter.save()
venv/lib/python3.13/site-packages/pandas/io/formats/csvs.py:272: in save
    self._save()
venv/lib/python3.13/site-packages/pandas/io/formats/csvs.py:275: in _save
    if self._need_to_save_header:
       ^^^^^^^^^^^^^^^^^^^^^^^^^
venv/lib/python3.13/site-packages/pandas/io/formats/csvs.py:217: in _need_to_save_header
    return bool(self._has_aliases or self.header)
                ^^^^^^^^^^^^^^^^^
_ _ _ _ _ _ _ _ _ _ _ _ _ _ _ _ _ _ _ _ _ _ _ _ _ _ _ _ _ _ _ _ _ _ _ _ _ _ _ _ 

self = <pandas.io.formats.csvs.CSVFormatter object at 0x7f4c3b6de210>

    @property
    def _has_aliases(self) -> bool:
>       return isinstance(self.header, (tuple, list, np.ndarray, ABCIndex))
               ^^^^^^^^^^^^^^^^^^^^^^^^^^^^^^^^^^^^^^^^^^^^^^^^^^^^^^^^^^^^
E       TypeError: isinstance() arg 2 must be a type, a tuple of types, or a union

venv/lib/python3.13/site-packages/pandas/io/formats/csvs.py:213: TypeError
______________ TestDirectedMatrix.test_output_filenames_directed _______________

self = <tests.test_adjacency.TestDirectedMatrix object at 0x7f4c41464510>
public_dir = PosixPath('/tmp/pytest-of-jarino/pytest-5/test_output_filenames_directed0/public')

    def test_output_filenames_directed(self, public_dir):
        """Directed outputs use the unsuffixed names."""
>       _write_connections(public_dir, [
            {"origin": "YWG", "nb_outlinks": 1, "outlinks": "YYZ"},
        ])

tests/test_adjacency.py:104: 
_ _ _ _ _ _ _ _ _ _ _ _ _ _ _ _ _ _ _ _ _ _ _ _ _ _ _ _ _ _ _ _ _ _ _ _ _ _ _ _ 
tests/test_adjacency.py:39: in _write_connections
    df.to_csv(csv_path, index=False)
venv/lib/python3.13/site-packages/pandas/core/generic.py:3988: in to_csv
    return DataFrameRenderer(formatter).to_csv(
venv/lib/python3.13/site-packages/pandas/io/formats/format.py:1025: in to_csv
    csv_formatter.save()
venv/lib/python3.13/site-packages/pandas/io/formats/csvs.py:272: in save
    self._save()
venv/lib/python3.13/site-packages/pandas/io/formats/csvs.py:275: in _save
    if self._need_to_save_header:
       ^^^^^^^^^^^^^^^^^^^^^^^^^
venv/lib/python3.13/site-packages/pandas/io/formats/csvs.py:217: in _need_to_save_header
    return bool(self._has_aliases or self.header)
                ^^^^^^^^^^^^^^^^^
_ _ _ _ _ _ _ _ _ _ _ _ _ _ _ _ _ _ _ _ _ _ _ _ _ _ _ _ _ _ _ _ _ _ _ _ _ _ _ _ 

self = <pandas.io.formats.csvs.CSVFormatter object at 0x7f4c3b3f42b0>

    @property
    def _has_aliases(self) -> bool:
>       return isinstance(self.header, (tuple, list, np.ndarray, ABCIndex))
               ^^^^^^^^^^^^^^^^^^^^^^^^^^^^^^^^^^^^^^^^^^^^^^^^^^^^^^^^^^^^
E       TypeError: isinstance() arg 2 must be a type, a tuple of types, or a union

venv/lib/python3.13/site-packages/pandas/io/formats/csvs.py:213: TypeError
___________ TestDirectedMatrix.test_matrix_shape_matches_node_count ____________

self = <tests.test_adjacency.TestDirectedMatrix object at 0x7f4c41464640>
public_dir = PosixPath('/tmp/pytest-of-jarino/pytest-5/test_matrix_shape_matches_node0/public')

    def test_matrix_shape_matches_node_count(self, public_dir):
        """Matrix is square with side equal to the number of unique airports."""
>       _write_connections(public_dir, [
            {"origin": "YWG", "nb_outlinks": 2, "outlinks": "YYZ YVR"},
            {"origin": "YYZ", "nb_outlinks": 1, "outlinks": "YVR"},
        ])

tests/test_adjacency.py:115: 
_ _ _ _ _ _ _ _ _ _ _ _ _ _ _ _ _ _ _ _ _ _ _ _ _ _ _ _ _ _ _ _ _ _ _ _ _ _ _ _ 
tests/test_adjacency.py:39: in _write_connections
    df.to_csv(csv_path, index=False)
venv/lib/python3.13/site-packages/pandas/core/generic.py:3988: in to_csv
    return DataFrameRenderer(formatter).to_csv(
venv/lib/python3.13/site-packages/pandas/io/formats/format.py:1025: in to_csv
    csv_formatter.save()
venv/lib/python3.13/site-packages/pandas/io/formats/csvs.py:272: in save
    self._save()
venv/lib/python3.13/site-packages/pandas/io/formats/csvs.py:275: in _save
    if self._need_to_save_header:
       ^^^^^^^^^^^^^^^^^^^^^^^^^
venv/lib/python3.13/site-packages/pandas/io/formats/csvs.py:217: in _need_to_save_header
    return bool(self._has_aliases or self.header)
                ^^^^^^^^^^^^^^^^^
_ _ _ _ _ _ _ _ _ _ _ _ _ _ _ _ _ _ _ _ _ _ _ _ _ _ _ _ _ _ _ _ _ _ _ _ _ _ _ _ 

self = <pandas.io.formats.csvs.CSVFormatter object at 0x7f4c3b3f4180>

    @property
    def _has_aliases(self) -> bool:
>       return isinstance(self.header, (tuple, list, np.ndarray, ABCIndex))
               ^^^^^^^^^^^^^^^^^^^^^^^^^^^^^^^^^^^^^^^^^^^^^^^^^^^^^^^^^^^^
E       TypeError: isinstance() arg 2 must be a type, a tuple of types, or a union

venv/lib/python3.13/site-packages/pandas/io/formats/csvs.py:213: TypeError
_________________ TestDirectedMatrix.test_node_list_is_sorted __________________

self = <tests.test_adjacency.TestDirectedMatrix object at 0x7f4c4156a570>
public_dir = PosixPath('/tmp/pytest-of-jarino/pytest-5/test_node_list_is_sorted0/public')

    def test_node_list_is_sorted(self, public_dir):
        """Node list file is in ascending alphabetical order."""
>       _write_connections(public_dir, [
            {"origin": "YYZ", "nb_outlinks": 1, "outlinks": "YWG"},
            {"origin": "YVR", "nb_outlinks": 1, "outlinks": "YWG"},
            {"origin": "AAA", "nb_outlinks": 1, "outlinks": "ZZZ"},
        ])

tests/test_adjacency.py:128: 
_ _ _ _ _ _ _ _ _ _ _ _ _ _ _ _ _ _ _ _ _ _ _ _ _ _ _ _ _ _ _ _ _ _ _ _ _ _ _ _ 
tests/test_adjacency.py:39: in _write_connections
    df.to_csv(csv_path, index=False)
venv/lib/python3.13/site-packages/pandas/core/generic.py:3988: in to_csv
    return DataFrameRenderer(formatter).to_csv(
venv/lib/python3.13/site-packages/pandas/io/formats/format.py:1025: in to_csv
    csv_formatter.save()
venv/lib/python3.13/site-packages/pandas/io/formats/csvs.py:272: in save
    self._save()
venv/lib/python3.13/site-packages/pandas/io/formats/csvs.py:275: in _save
    if self._need_to_save_header:
       ^^^^^^^^^^^^^^^^^^^^^^^^^
venv/lib/python3.13/site-packages/pandas/io/formats/csvs.py:217: in _need_to_save_header
    return bool(self._has_aliases or self.header)
                ^^^^^^^^^^^^^^^^^
_ _ _ _ _ _ _ _ _ _ _ _ _ _ _ _ _ _ _ _ _ _ _ _ _ _ _ _ _ _ _ _ _ _ _ _ _ _ _ _ 

self = <pandas.io.formats.csvs.CSVFormatter object at 0x7f4c3b74dd90>

    @property
    def _has_aliases(self) -> bool:
>       return isinstance(self.header, (tuple, list, np.ndarray, ABCIndex))
               ^^^^^^^^^^^^^^^^^^^^^^^^^^^^^^^^^^^^^^^^^^^^^^^^^^^^^^^^^^^^
E       TypeError: isinstance() arg 2 must be a type, a tuple of types, or a union

venv/lib/python3.13/site-packages/pandas/io/formats/csvs.py:213: TypeError
_________ TestDirectedMatrix.test_directed_edge_present_reverse_absent _________

self = <tests.test_adjacency.TestDirectedMatrix object at 0x7f4c4153b240>
public_dir = PosixPath('/tmp/pytest-of-jarino/pytest-5/test_directed_edge_present_rev0/public')

    def test_directed_edge_present_reverse_absent(self, public_dir):
        """A->B = 1, B->A = 0 when only A->B is listed."""
>       _write_connections(public_dir, [
            {"origin": "AAA", "nb_outlinks": 1, "outlinks": "BBB"},
        ])

tests/test_adjacency.py:139: 
_ _ _ _ _ _ _ _ _ _ _ _ _ _ _ _ _ _ _ _ _ _ _ _ _ _ _ _ _ _ _ _ _ _ _ _ _ _ _ _ 
tests/test_adjacency.py:39: in _write_connections
    df.to_csv(csv_path, index=False)
venv/lib/python3.13/site-packages/pandas/core/generic.py:3988: in to_csv
    return DataFrameRenderer(formatter).to_csv(
venv/lib/python3.13/site-packages/pandas/io/formats/format.py:1025: in to_csv
    csv_formatter.save()
venv/lib/python3.13/site-packages/pandas/io/formats/csvs.py:272: in save
    self._save()
venv/lib/python3.13/site-packages/pandas/io/formats/csvs.py:275: in _save
    if self._need_to_save_header:
       ^^^^^^^^^^^^^^^^^^^^^^^^^
venv/lib/python3.13/site-packages/pandas/io/formats/csvs.py:217: in _need_to_save_header
    return bool(self._has_aliases or self.header)
                ^^^^^^^^^^^^^^^^^
_ _ _ _ _ _ _ _ _ _ _ _ _ _ _ _ _ _ _ _ _ _ _ _ _ _ _ _ _ _ _ _ _ _ _ _ _ _ _ _ 

self = <pandas.io.formats.csvs.CSVFormatter object at 0x7f4c3b735e10>

    @property
    def _has_aliases(self) -> bool:
>       return isinstance(self.header, (tuple, list, np.ndarray, ABCIndex))
               ^^^^^^^^^^^^^^^^^^^^^^^^^^^^^^^^^^^^^^^^^^^^^^^^^^^^^^^^^^^^
E       TypeError: isinstance() arg 2 must be a type, a tuple of types, or a union

venv/lib/python3.13/site-packages/pandas/io/formats/csvs.py:213: TypeError
__________________ TestDirectedMatrix.test_all_values_binary ___________________

self = <tests.test_adjacency.TestDirectedMatrix object at 0x7f4c4153b350>
public_dir = PosixPath('/tmp/pytest-of-jarino/pytest-5/test_all_values_binary0/public')

    def test_all_values_binary(self, public_dir):
        """No matrix entry exceeds 1 (no duplicate-row summing)."""
>       _write_connections(public_dir, [
            {"origin": "YWG", "nb_outlinks": 3, "outlinks": "YYZ YVR YYC"},
            {"origin": "YYZ", "nb_outlinks": 1, "outlinks": "YWG"},
        ])

tests/test_adjacency.py:153: 
_ _ _ _ _ _ _ _ _ _ _ _ _ _ _ _ _ _ _ _ _ _ _ _ _ _ _ _ _ _ _ _ _ _ _ _ _ _ _ _ 
tests/test_adjacency.py:39: in _write_connections
    df.to_csv(csv_path, index=False)
venv/lib/python3.13/site-packages/pandas/core/generic.py:3988: in to_csv
    return DataFrameRenderer(formatter).to_csv(
venv/lib/python3.13/site-packages/pandas/io/formats/format.py:1025: in to_csv
    csv_formatter.save()
venv/lib/python3.13/site-packages/pandas/io/formats/csvs.py:272: in save
    self._save()
venv/lib/python3.13/site-packages/pandas/io/formats/csvs.py:275: in _save
    if self._need_to_save_header:
       ^^^^^^^^^^^^^^^^^^^^^^^^^
venv/lib/python3.13/site-packages/pandas/io/formats/csvs.py:217: in _need_to_save_header
    return bool(self._has_aliases or self.header)
                ^^^^^^^^^^^^^^^^^
_ _ _ _ _ _ _ _ _ _ _ _ _ _ _ _ _ _ _ _ _ _ _ _ _ _ _ _ _ _ _ _ _ _ _ _ _ _ _ _ 

self = <pandas.io.formats.csvs.CSVFormatter object at 0x7f4c3b7346b0>

    @property
    def _has_aliases(self) -> bool:
>       return isinstance(self.header, (tuple, list, np.ndarray, ABCIndex))
               ^^^^^^^^^^^^^^^^^^^^^^^^^^^^^^^^^^^^^^^^^^^^^^^^^^^^^^^^^^^^
E       TypeError: isinstance() arg 2 must be a type, a tuple of types, or a union

venv/lib/python3.13/site-packages/pandas/io/formats/csvs.py:213: TypeError
_________________ TestDirectedMatrix.test_self_loops_excluded __________________

self = <tests.test_adjacency.TestDirectedMatrix object at 0x7f4c416dbb50>
public_dir = PosixPath('/tmp/pytest-of-jarino/pytest-5/test_self_loops_excluded0/public')

    def test_self_loops_excluded(self, public_dir):
        """An airport listed as its own destination produces no self-loop."""
>       _write_connections(public_dir, [
            {"origin": "YWG", "nb_outlinks": 2, "outlinks": "YWG YYZ"},
        ])

tests/test_adjacency.py:164: 
_ _ _ _ _ _ _ _ _ _ _ _ _ _ _ _ _ _ _ _ _ _ _ _ _ _ _ _ _ _ _ _ _ _ _ _ _ _ _ _ 
tests/test_adjacency.py:39: in _write_connections
    df.to_csv(csv_path, index=False)
venv/lib/python3.13/site-packages/pandas/core/generic.py:3988: in to_csv
    return DataFrameRenderer(formatter).to_csv(
venv/lib/python3.13/site-packages/pandas/io/formats/format.py:1025: in to_csv
    csv_formatter.save()
venv/lib/python3.13/site-packages/pandas/io/formats/csvs.py:272: in save
    self._save()
venv/lib/python3.13/site-packages/pandas/io/formats/csvs.py:275: in _save
    if self._need_to_save_header:
       ^^^^^^^^^^^^^^^^^^^^^^^^^
venv/lib/python3.13/site-packages/pandas/io/formats/csvs.py:217: in _need_to_save_header
    return bool(self._has_aliases or self.header)
                ^^^^^^^^^^^^^^^^^
_ _ _ _ _ _ _ _ _ _ _ _ _ _ _ _ _ _ _ _ _ _ _ _ _ _ _ _ _ _ _ _ _ _ _ _ _ _ _ _ 

self = <pandas.io.formats.csvs.CSVFormatter object at 0x7f4c3cb26250>

    @property
    def _has_aliases(self) -> bool:
>       return isinstance(self.header, (tuple, list, np.ndarray, ABCIndex))
               ^^^^^^^^^^^^^^^^^^^^^^^^^^^^^^^^^^^^^^^^^^^^^^^^^^^^^^^^^^^^
E       TypeError: isinstance() arg 2 must be a type, a tuple of types, or a union

venv/lib/python3.13/site-packages/pandas/io/formats/csvs.py:213: TypeError
____ TestDirectedMatrix.test_malformed_destination_tokens_silently_dropped _____

self = <tests.test_adjacency.TestDirectedMatrix object at 0x7f4c416da450>
public_dir = PosixPath('/tmp/pytest-of-jarino/pytest-5/test_malformed_destination_tok0/public')

    def test_malformed_destination_tokens_silently_dropped(self, public_dir):
        """Non-IATA tokens in the outlinks column are silently ignored."""
>       _write_connections(public_dir, [
            {"origin": "YWG", "nb_outlinks": 2, "outlinks": "YYZ TOOLONG"},
        ])

tests/test_adjacency.py:177: 
_ _ _ _ _ _ _ _ _ _ _ _ _ _ _ _ _ _ _ _ _ _ _ _ _ _ _ _ _ _ _ _ _ _ _ _ _ _ _ _ 
tests/test_adjacency.py:39: in _write_connections
    df.to_csv(csv_path, index=False)
venv/lib/python3.13/site-packages/pandas/core/generic.py:3988: in to_csv
    return DataFrameRenderer(formatter).to_csv(
venv/lib/python3.13/site-packages/pandas/io/formats/format.py:1025: in to_csv
    csv_formatter.save()
venv/lib/python3.13/site-packages/pandas/io/formats/csvs.py:272: in save
    self._save()
venv/lib/python3.13/site-packages/pandas/io/formats/csvs.py:275: in _save
    if self._need_to_save_header:
       ^^^^^^^^^^^^^^^^^^^^^^^^^
venv/lib/python3.13/site-packages/pandas/io/formats/csvs.py:217: in _need_to_save_header
    return bool(self._has_aliases or self.header)
                ^^^^^^^^^^^^^^^^^
_ _ _ _ _ _ _ _ _ _ _ _ _ _ _ _ _ _ _ _ _ _ _ _ _ _ _ _ _ _ _ _ _ _ _ _ _ _ _ _ 

self = <pandas.io.formats.csvs.CSVFormatter object at 0x7f4c3cb26150>

    @property
    def _has_aliases(self) -> bool:
>       return isinstance(self.header, (tuple, list, np.ndarray, ABCIndex))
               ^^^^^^^^^^^^^^^^^^^^^^^^^^^^^^^^^^^^^^^^^^^^^^^^^^^^^^^^^^^^
E       TypeError: isinstance() arg 2 must be a type, a tuple of types, or a union

venv/lib/python3.13/site-packages/pandas/io/formats/csvs.py:213: TypeError
_______________ TestDirectedMatrix.test_nan_origin_rows_dropped ________________

content = array([['YWG', 1, 'YYZ'],
       [nan, 1, 'YVR']], dtype=object)
columns = <MagicMock name='mock.Index._simple_new()' id='139965392615280'>
dtype = None

    def _finalize_columns_and_data(
        content: np.ndarray,  # ndim == 2
        columns: Index | None,
        dtype: DtypeObj | None,
    ) -> tuple[list[ArrayLike], Index]:
        """
        Ensure we have valid columns, cast object dtypes if possible.
        """
        contents = list(content.T)
    
        try:
>           columns = _validate_or_indexify_columns(contents, columns)
                      ^^^^^^^^^^^^^^^^^^^^^^^^^^^^^^^^^^^^^^^^^^^^^^^^

venv/lib/python3.13/site-packages/pandas/core/internals/construction.py:911: 
_ _ _ _ _ _ _ _ _ _ _ _ _ _ _ _ _ _ _ _ _ _ _ _ _ _ _ _ _ _ _ _ _ _ _ _ _ _ _ _ 

content = [array(['YWG', nan], dtype=object), array([1, 1], dtype=object), array(['YYZ', 'YVR'], dtype=object)]
columns = <MagicMock name='mock.Index._simple_new()' id='139965392615280'>

    def _validate_or_indexify_columns(
        content: list[np.ndarray], columns: Index | None
    ) -> Index:
        """
        If columns is None, make numbers as column names; Otherwise, validate that
        columns have valid length.
    
        Parameters
        ----------
        content : list of np.ndarrays
        columns : Index or None
    
        Returns
        -------
        Index
            If columns is None, assign positional column index value as columns.
    
        Raises
        ------
        1. AssertionError when content is not composed of list of lists, and if
            length of columns is not equal to length of content.
        2. ValueError when content is list of lists, but length of each sub-list
            is not equal
        3. ValueError when content is list of lists, but length of sub-list is
            not equal to length of content
        """
        if columns is None:
            columns = default_index(len(content))
        else:
            # Add mask for data which is composed of list of lists
            is_mi_list = isinstance(columns, list) and all(
                isinstance(col, list) for col in columns
            )
    
            if not is_mi_list and len(columns) != len(content):  # pragma: no cover
                # caller's responsibility to check for this...
>               raise AssertionError(
                    f"{len(columns)} columns passed, passed data had {len(content)} columns"
                )
E               AssertionError: 0 columns passed, passed data had 3 columns

venv/lib/python3.13/site-packages/pandas/core/internals/construction.py:958: AssertionError

The above exception was the direct cause of the following exception:

self = <tests.test_adjacency.TestDirectedMatrix object at 0x7f4c416ac9b0>
public_dir = PosixPath('/tmp/pytest-of-jarino/pytest-5/test_nan_origin_rows_dropped0/public')

    def test_nan_origin_rows_dropped(self, public_dir):
        """Rows with NaN origin are silently filtered without crashing."""
        csv_path = public_dir / "outbound_connections.csv"
>       pd.DataFrame([
            {"origin": "YWG", "nb_outlinks": 1, "outlinks": "YYZ"},
            {"origin": float("nan"), "nb_outlinks": 1, "outlinks": "YVR"},
        ]).to_csv(csv_path, index=False)

tests/test_adjacency.py:188: 
_ _ _ _ _ _ _ _ _ _ _ _ _ _ _ _ _ _ _ _ _ _ _ _ _ _ _ _ _ _ _ _ _ _ _ _ _ _ _ _ 
venv/lib/python3.13/site-packages/pandas/core/frame.py:837: in __init__
    arrays, columns, index = nested_data_to_arrays(
venv/lib/python3.13/site-packages/pandas/core/internals/construction.py:477: in nested_data_to_arrays
    arrays, columns = to_arrays(data, columns, dtype=dtype)
                      ^^^^^^^^^^^^^^^^^^^^^^^^^^^^^^^^^^^^^
venv/lib/python3.13/site-packages/pandas/core/internals/construction.py:812: in to_arrays
    content, columns = _finalize_columns_and_data(arr, columns, dtype)
                       ^^^^^^^^^^^^^^^^^^^^^^^^^^^^^^^^^^^^^^^^^^^^^^^
_ _ _ _ _ _ _ _ _ _ _ _ _ _ _ _ _ _ _ _ _ _ _ _ _ _ _ _ _ _ _ _ _ _ _ _ _ _ _ _ 

content = array([['YWG', 1, 'YYZ'],
       [nan, 1, 'YVR']], dtype=object)
columns = <MagicMock name='mock.Index._simple_new()' id='139965392615280'>
dtype = None

    def _finalize_columns_and_data(
        content: np.ndarray,  # ndim == 2
        columns: Index | None,
        dtype: DtypeObj | None,
    ) -> tuple[list[ArrayLike], Index]:
        """
        Ensure we have valid columns, cast object dtypes if possible.
        """
        contents = list(content.T)
    
        try:
            columns = _validate_or_indexify_columns(contents, columns)
        except AssertionError as err:
            # GH#26429 do not raise user-facing AssertionError
>           raise ValueError(err) from err
E           ValueError: 0 columns passed, passed data had 3 columns

venv/lib/python3.13/site-packages/pandas/core/internals/construction.py:914: ValueError
______ TestDirectedMatrix.test_destination_only_airport_appears_in_nodes _______

self = <tests.test_adjacency.TestDirectedMatrix object at 0x7f4c41543890>
public_dir = PosixPath('/tmp/pytest-of-jarino/pytest-5/test_destination_only_airport_0/public')

    def test_destination_only_airport_appears_in_nodes(self, public_dir):
        """Airports that only appear as destinations are still included in nodes."""
>       _write_connections(public_dir, [
            {"origin": "YWG", "nb_outlinks": 1, "outlinks": "ZZZ"},
        ])

tests/test_adjacency.py:201: 
_ _ _ _ _ _ _ _ _ _ _ _ _ _ _ _ _ _ _ _ _ _ _ _ _ _ _ _ _ _ _ _ _ _ _ _ _ _ _ _ 
tests/test_adjacency.py:39: in _write_connections
    df.to_csv(csv_path, index=False)
venv/lib/python3.13/site-packages/pandas/core/generic.py:3988: in to_csv
    return DataFrameRenderer(formatter).to_csv(
venv/lib/python3.13/site-packages/pandas/io/formats/format.py:1025: in to_csv
    csv_formatter.save()
venv/lib/python3.13/site-packages/pandas/io/formats/csvs.py:272: in save
    self._save()
venv/lib/python3.13/site-packages/pandas/io/formats/csvs.py:275: in _save
    if self._need_to_save_header:
       ^^^^^^^^^^^^^^^^^^^^^^^^^
venv/lib/python3.13/site-packages/pandas/io/formats/csvs.py:217: in _need_to_save_header
    return bool(self._has_aliases or self.header)
                ^^^^^^^^^^^^^^^^^
_ _ _ _ _ _ _ _ _ _ _ _ _ _ _ _ _ _ _ _ _ _ _ _ _ _ _ _ _ _ _ _ _ _ _ _ _ _ _ _ 

self = <pandas.io.formats.csvs.CSVFormatter object at 0x7f4c3b4cd9a0>

    @property
    def _has_aliases(self) -> bool:
>       return isinstance(self.header, (tuple, list, np.ndarray, ABCIndex))
               ^^^^^^^^^^^^^^^^^^^^^^^^^^^^^^^^^^^^^^^^^^^^^^^^^^^^^^^^^^^^
E       TypeError: isinstance() arg 2 must be a type, a tuple of types, or a union

venv/lib/python3.13/site-packages/pandas/io/formats/csvs.py:213: TypeError
________________ TestDirectedMatrix.test_single_self_loop_node _________________

self = <tests.test_adjacency.TestDirectedMatrix object at 0x7f4c4147a6d0>
public_dir = PosixPath('/tmp/pytest-of-jarino/pytest-5/test_single_self_loop_node0/public')

    def test_single_self_loop_node(self, public_dir):
        """A single node with only a self-loop is included in nodes but has no edges."""
>       _write_connections(public_dir, [
            {"origin": "YWG", "nb_outlinks": 1, "outlinks": "YWG"},
        ])

tests/test_adjacency.py:211: 
_ _ _ _ _ _ _ _ _ _ _ _ _ _ _ _ _ _ _ _ _ _ _ _ _ _ _ _ _ _ _ _ _ _ _ _ _ _ _ _ 
tests/test_adjacency.py:39: in _write_connections
    df.to_csv(csv_path, index=False)
venv/lib/python3.13/site-packages/pandas/core/generic.py:3988: in to_csv
    return DataFrameRenderer(formatter).to_csv(
venv/lib/python3.13/site-packages/pandas/io/formats/format.py:1025: in to_csv
    csv_formatter.save()
venv/lib/python3.13/site-packages/pandas/io/formats/csvs.py:272: in save
    self._save()
venv/lib/python3.13/site-packages/pandas/io/formats/csvs.py:275: in _save
    if self._need_to_save_header:
       ^^^^^^^^^^^^^^^^^^^^^^^^^
venv/lib/python3.13/site-packages/pandas/io/formats/csvs.py:217: in _need_to_save_header
    return bool(self._has_aliases or self.header)
                ^^^^^^^^^^^^^^^^^
_ _ _ _ _ _ _ _ _ _ _ _ _ _ _ _ _ _ _ _ _ _ _ _ _ _ _ _ _ _ _ _ _ _ _ _ _ _ _ _ 

self = <pandas.io.formats.csvs.CSVFormatter object at 0x7f4c3b4cde50>

    @property
    def _has_aliases(self) -> bool:
>       return isinstance(self.header, (tuple, list, np.ndarray, ABCIndex))
               ^^^^^^^^^^^^^^^^^^^^^^^^^^^^^^^^^^^^^^^^^^^^^^^^^^^^^^^^^^^^
E       TypeError: isinstance() arg 2 must be a type, a tuple of types, or a union

venv/lib/python3.13/site-packages/pandas/io/formats/csvs.py:213: TypeError
_____________ TestSymmetricMatrix.test_output_filenames_symmetric ______________

self = <tests.test_adjacency.TestSymmetricMatrix object at 0x7f4c4156d590>
public_dir = PosixPath('/tmp/pytest-of-jarino/pytest-5/test_output_filenames_symmetri0/public')

    def test_output_filenames_symmetric(self, public_dir):
        """Symmetric outputs use the ``_sym`` suffix."""
>       _write_connections(public_dir, [
            {"origin": "YWG", "nb_outlinks": 1, "outlinks": "YYZ"},
        ])

tests/test_adjacency.py:232: 
_ _ _ _ _ _ _ _ _ _ _ _ _ _ _ _ _ _ _ _ _ _ _ _ _ _ _ _ _ _ _ _ _ _ _ _ _ _ _ _ 
tests/test_adjacency.py:39: in _write_connections
    df.to_csv(csv_path, index=False)
venv/lib/python3.13/site-packages/pandas/core/generic.py:3988: in to_csv
    return DataFrameRenderer(formatter).to_csv(
venv/lib/python3.13/site-packages/pandas/io/formats/format.py:1025: in to_csv
    csv_formatter.save()
venv/lib/python3.13/site-packages/pandas/io/formats/csvs.py:272: in save
    self._save()
venv/lib/python3.13/site-packages/pandas/io/formats/csvs.py:275: in _save
    if self._need_to_save_header:
       ^^^^^^^^^^^^^^^^^^^^^^^^^
venv/lib/python3.13/site-packages/pandas/io/formats/csvs.py:217: in _need_to_save_header
    return bool(self._has_aliases or self.header)
                ^^^^^^^^^^^^^^^^^
_ _ _ _ _ _ _ _ _ _ _ _ _ _ _ _ _ _ _ _ _ _ _ _ _ _ _ _ _ _ _ _ _ _ _ _ _ _ _ _ 

self = <pandas.io.formats.csvs.CSVFormatter object at 0x7f4c3b4ce300>

    @property
    def _has_aliases(self) -> bool:
>       return isinstance(self.header, (tuple, list, np.ndarray, ABCIndex))
               ^^^^^^^^^^^^^^^^^^^^^^^^^^^^^^^^^^^^^^^^^^^^^^^^^^^^^^^^^^^^
E       TypeError: isinstance() arg 2 must be a type, a tuple of types, or a union

venv/lib/python3.13/site-packages/pandas/io/formats/csvs.py:213: TypeError
_____________ TestSymmetricMatrix.test_symmetric_adds_reverse_edge _____________

self = <tests.test_adjacency.TestSymmetricMatrix object at 0x7f4c4156da90>
public_dir = PosixPath('/tmp/pytest-of-jarino/pytest-5/test_symmetric_adds_reverse_ed0/public')

    def test_symmetric_adds_reverse_edge(self, public_dir):
        """A->B listed once yields both A->B and B->A in symmetric mode."""
>       _write_connections(public_dir, [
            {"origin": "AAA", "nb_outlinks": 1, "outlinks": "BBB"},
        ])

tests/test_adjacency.py:243: 
_ _ _ _ _ _ _ _ _ _ _ _ _ _ _ _ _ _ _ _ _ _ _ _ _ _ _ _ _ _ _ _ _ _ _ _ _ _ _ _ 
tests/test_adjacency.py:39: in _write_connections
    df.to_csv(csv_path, index=False)
venv/lib/python3.13/site-packages/pandas/core/generic.py:3988: in to_csv
    return DataFrameRenderer(formatter).to_csv(
venv/lib/python3.13/site-packages/pandas/io/formats/format.py:1025: in to_csv
    csv_formatter.save()
venv/lib/python3.13/site-packages/pandas/io/formats/csvs.py:272: in save
    self._save()
venv/lib/python3.13/site-packages/pandas/io/formats/csvs.py:275: in _save
    if self._need_to_save_header:
       ^^^^^^^^^^^^^^^^^^^^^^^^^
venv/lib/python3.13/site-packages/pandas/io/formats/csvs.py:217: in _need_to_save_header
    return bool(self._has_aliases or self.header)
                ^^^^^^^^^^^^^^^^^
_ _ _ _ _ _ _ _ _ _ _ _ _ _ _ _ _ _ _ _ _ _ _ _ _ _ _ _ _ _ _ _ _ _ _ _ _ _ _ _ 

self = <pandas.io.formats.csvs.CSVFormatter object at 0x7f4c3b4ce5d0>

    @property
    def _has_aliases(self) -> bool:
>       return isinstance(self.header, (tuple, list, np.ndarray, ABCIndex))
               ^^^^^^^^^^^^^^^^^^^^^^^^^^^^^^^^^^^^^^^^^^^^^^^^^^^^^^^^^^^^
E       TypeError: isinstance() arg 2 must be a type, a tuple of types, or a union

venv/lib/python3.13/site-packages/pandas/io/formats/csvs.py:213: TypeError
__________ TestSymmetricMatrix.test_symmetric_matrix_equals_transpose __________

self = <tests.test_adjacency.TestSymmetricMatrix object at 0x7f4c41464770>
public_dir = PosixPath('/tmp/pytest-of-jarino/pytest-5/test_symmetric_matrix_equals_t0/public')

    def test_symmetric_matrix_equals_transpose(self, public_dir):
        """M == M.T for every entry."""
>       _write_connections(public_dir, [
            {"origin": "YWG", "nb_outlinks": 2, "outlinks": "YYZ YVR"},
            {"origin": "YYZ", "nb_outlinks": 1, "outlinks": "YVR"},
        ])

tests/test_adjacency.py:257: 
_ _ _ _ _ _ _ _ _ _ _ _ _ _ _ _ _ _ _ _ _ _ _ _ _ _ _ _ _ _ _ _ _ _ _ _ _ _ _ _ 
tests/test_adjacency.py:39: in _write_connections
    df.to_csv(csv_path, index=False)
venv/lib/python3.13/site-packages/pandas/core/generic.py:3988: in to_csv
    return DataFrameRenderer(formatter).to_csv(
venv/lib/python3.13/site-packages/pandas/io/formats/format.py:1025: in to_csv
    csv_formatter.save()
venv/lib/python3.13/site-packages/pandas/io/formats/csvs.py:272: in save
    self._save()
venv/lib/python3.13/site-packages/pandas/io/formats/csvs.py:275: in _save
    if self._need_to_save_header:
       ^^^^^^^^^^^^^^^^^^^^^^^^^
venv/lib/python3.13/site-packages/pandas/io/formats/csvs.py:217: in _need_to_save_header
    return bool(self._has_aliases or self.header)
                ^^^^^^^^^^^^^^^^^
_ _ _ _ _ _ _ _ _ _ _ _ _ _ _ _ _ _ _ _ _ _ _ _ _ _ _ _ _ _ _ _ _ _ _ _ _ _ _ _ 

self = <pandas.io.formats.csvs.CSVFormatter object at 0x7f4c3b4ce4e0>

    @property
    def _has_aliases(self) -> bool:
>       return isinstance(self.header, (tuple, list, np.ndarray, ABCIndex))
               ^^^^^^^^^^^^^^^^^^^^^^^^^^^^^^^^^^^^^^^^^^^^^^^^^^^^^^^^^^^^
E       TypeError: isinstance() arg 2 must be a type, a tuple of types, or a union

venv/lib/python3.13/site-packages/pandas/io/formats/csvs.py:213: TypeError
______________ TestSymmetricMatrix.test_symmetric_nnz_ge_directed ______________

self = <tests.test_adjacency.TestSymmetricMatrix object at 0x7f4c41464180>
public_dir = PosixPath('/tmp/pytest-of-jarino/pytest-5/test_symmetric_nnz_ge_directed0/public')

    def test_symmetric_nnz_ge_directed(self, public_dir):
        """Symmetric matrix has at least as many non-zeros as the directed one."""
>       _write_connections(public_dir, [
            {"origin": "YWG", "nb_outlinks": 2, "outlinks": "YYZ YVR"},
            {"origin": "YYZ", "nb_outlinks": 1, "outlinks": "YVR"},
        ])

tests/test_adjacency.py:269: 
_ _ _ _ _ _ _ _ _ _ _ _ _ _ _ _ _ _ _ _ _ _ _ _ _ _ _ _ _ _ _ _ _ _ _ _ _ _ _ _ 
tests/test_adjacency.py:39: in _write_connections
    df.to_csv(csv_path, index=False)
venv/lib/python3.13/site-packages/pandas/core/generic.py:3988: in to_csv
    return DataFrameRenderer(formatter).to_csv(
venv/lib/python3.13/site-packages/pandas/io/formats/format.py:1025: in to_csv
    csv_formatter.save()
venv/lib/python3.13/site-packages/pandas/io/formats/csvs.py:272: in save
    self._save()
venv/lib/python3.13/site-packages/pandas/io/formats/csvs.py:275: in _save
    if self._need_to_save_header:
       ^^^^^^^^^^^^^^^^^^^^^^^^^
venv/lib/python3.13/site-packages/pandas/io/formats/csvs.py:217: in _need_to_save_header
    return bool(self._has_aliases or self.header)
                ^^^^^^^^^^^^^^^^^
_ _ _ _ _ _ _ _ _ _ _ _ _ _ _ _ _ _ _ _ _ _ _ _ _ _ _ _ _ _ _ _ _ _ _ _ _ _ _ _ 

self = <pandas.io.formats.csvs.CSVFormatter object at 0x7f4c3b4cda90>

    @property
    def _has_aliases(self) -> bool:
>       return isinstance(self.header, (tuple, list, np.ndarray, ABCIndex))
               ^^^^^^^^^^^^^^^^^^^^^^^^^^^^^^^^^^^^^^^^^^^^^^^^^^^^^^^^^^^^
E       TypeError: isinstance() arg 2 must be a type, a tuple of types, or a union

venv/lib/python3.13/site-packages/pandas/io/formats/csvs.py:213: TypeError
________________ TestCsvExport.test_csv_not_written_by_default _________________

self = <tests.test_adjacency.TestCsvExport object at 0x7f4c4156dbd0>
public_dir = PosixPath('/tmp/pytest-of-jarino/pytest-5/test_csv_not_written_by_defaul0/public')

    def test_csv_not_written_by_default(self, public_dir):
        """Dense CSV is NOT written unless ``export_csv=True``."""
>       _write_connections(public_dir, [
            {"origin": "YWG", "nb_outlinks": 1, "outlinks": "YYZ"},
        ])

tests/test_adjacency.py:286: 
_ _ _ _ _ _ _ _ _ _ _ _ _ _ _ _ _ _ _ _ _ _ _ _ _ _ _ _ _ _ _ _ _ _ _ _ _ _ _ _ 
tests/test_adjacency.py:39: in _write_connections
    df.to_csv(csv_path, index=False)
venv/lib/python3.13/site-packages/pandas/core/generic.py:3988: in to_csv
    return DataFrameRenderer(formatter).to_csv(
venv/lib/python3.13/site-packages/pandas/io/formats/format.py:1025: in to_csv
    csv_formatter.save()
venv/lib/python3.13/site-packages/pandas/io/formats/csvs.py:272: in save
    self._save()
venv/lib/python3.13/site-packages/pandas/io/formats/csvs.py:275: in _save
    if self._need_to_save_header:
       ^^^^^^^^^^^^^^^^^^^^^^^^^
venv/lib/python3.13/site-packages/pandas/io/formats/csvs.py:217: in _need_to_save_header
    return bool(self._has_aliases or self.header)
                ^^^^^^^^^^^^^^^^^
_ _ _ _ _ _ _ _ _ _ _ _ _ _ _ _ _ _ _ _ _ _ _ _ _ _ _ _ _ _ _ _ _ _ _ _ _ _ _ _ 

self = <pandas.io.formats.csvs.CSVFormatter object at 0x7f4c3b4ccaa0>

    @property
    def _has_aliases(self) -> bool:
>       return isinstance(self.header, (tuple, list, np.ndarray, ABCIndex))
               ^^^^^^^^^^^^^^^^^^^^^^^^^^^^^^^^^^^^^^^^^^^^^^^^^^^^^^^^^^^^
E       TypeError: isinstance() arg 2 must be a type, a tuple of types, or a union

venv/lib/python3.13/site-packages/pandas/io/formats/csvs.py:213: TypeError
________________ TestCsvExport.test_csv_written_when_requested _________________

self = <tests.test_adjacency.TestCsvExport object at 0x7f4c4156dd10>
public_dir = PosixPath('/tmp/pytest-of-jarino/pytest-5/test_csv_written_when_requeste0/public')

    def test_csv_written_when_requested(self, public_dir):
        """Dense CSV IS written when ``export_csv=True``."""
>       _write_connections(public_dir, [
            {"origin": "YWG", "nb_outlinks": 1, "outlinks": "YYZ"},
        ])

tests/test_adjacency.py:294: 
_ _ _ _ _ _ _ _ _ _ _ _ _ _ _ _ _ _ _ _ _ _ _ _ _ _ _ _ _ _ _ _ _ _ _ _ _ _ _ _ 
tests/test_adjacency.py:39: in _write_connections
    df.to_csv(csv_path, index=False)
venv/lib/python3.13/site-packages/pandas/core/generic.py:3988: in to_csv
    return DataFrameRenderer(formatter).to_csv(
venv/lib/python3.13/site-packages/pandas/io/formats/format.py:1025: in to_csv
    csv_formatter.save()
venv/lib/python3.13/site-packages/pandas/io/formats/csvs.py:272: in save
    self._save()
venv/lib/python3.13/site-packages/pandas/io/formats/csvs.py:275: in _save
    if self._need_to_save_header:
       ^^^^^^^^^^^^^^^^^^^^^^^^^
venv/lib/python3.13/site-packages/pandas/io/formats/csvs.py:217: in _need_to_save_header
    return bool(self._has_aliases or self.header)
                ^^^^^^^^^^^^^^^^^
_ _ _ _ _ _ _ _ _ _ _ _ _ _ _ _ _ _ _ _ _ _ _ _ _ _ _ _ _ _ _ _ _ _ _ _ _ _ _ _ 

self = <pandas.io.formats.csvs.CSVFormatter object at 0x7f4c3b4cc410>

    @property
    def _has_aliases(self) -> bool:
>       return isinstance(self.header, (tuple, list, np.ndarray, ABCIndex))
               ^^^^^^^^^^^^^^^^^^^^^^^^^^^^^^^^^^^^^^^^^^^^^^^^^^^^^^^^^^^^
E       TypeError: isinstance() arg 2 must be a type, a tuple of types, or a union

venv/lib/python3.13/site-packages/pandas/io/formats/csvs.py:213: TypeError
____________ TestCsvExport.test_csv_has_iata_row_and_column_labels _____________

self = <tests.test_adjacency.TestCsvExport object at 0x7f4c414648a0>
public_dir = PosixPath('/tmp/pytest-of-jarino/pytest-5/test_csv_has_iata_row_and_colu0/public')

    def test_csv_has_iata_row_and_column_labels(self, public_dir):
        """Dense CSV uses IATA codes as both row index and column headers."""
>       _write_connections(public_dir, [
            {"origin": "YWG", "nb_outlinks": 1, "outlinks": "YYZ"},
        ])

tests/test_adjacency.py:304: 
_ _ _ _ _ _ _ _ _ _ _ _ _ _ _ _ _ _ _ _ _ _ _ _ _ _ _ _ _ _ _ _ _ _ _ _ _ _ _ _ 
tests/test_adjacency.py:39: in _write_connections
    df.to_csv(csv_path, index=False)
venv/lib/python3.13/site-packages/pandas/core/generic.py:3988: in to_csv
    return DataFrameRenderer(formatter).to_csv(
venv/lib/python3.13/site-packages/pandas/io/formats/format.py:1025: in to_csv
    csv_formatter.save()
venv/lib/python3.13/site-packages/pandas/io/formats/csvs.py:272: in save
    self._save()
venv/lib/python3.13/site-packages/pandas/io/formats/csvs.py:275: in _save
    if self._need_to_save_header:
       ^^^^^^^^^^^^^^^^^^^^^^^^^
venv/lib/python3.13/site-packages/pandas/io/formats/csvs.py:217: in _need_to_save_header
    return bool(self._has_aliases or self.header)
                ^^^^^^^^^^^^^^^^^
_ _ _ _ _ _ _ _ _ _ _ _ _ _ _ _ _ _ _ _ _ _ _ _ _ _ _ _ _ _ _ _ _ _ _ _ _ _ _ _ 

self = <pandas.io.formats.csvs.CSVFormatter object at 0x7f4c3b4ce4e0>

    @property
    def _has_aliases(self) -> bool:
>       return isinstance(self.header, (tuple, list, np.ndarray, ABCIndex))
               ^^^^^^^^^^^^^^^^^^^^^^^^^^^^^^^^^^^^^^^^^^^^^^^^^^^^^^^^^^^^
E       TypeError: isinstance() arg 2 must be a type, a tuple of types, or a union

venv/lib/python3.13/site-packages/pandas/io/formats/csvs.py:213: TypeError
____________ test_get_wikipedia_airport_page_link_request_exception ____________

mock_get = <MagicMock name='get' id='139965391223984'>

    @mock.patch("wikipediaGATN.wikipedia_airport_level._SESSION.get")
    def test_get_wikipedia_airport_page_link_request_exception(mock_get):
        import requests
        mock_get.side_effect = requests.exceptions.RequestException("Network error")
    
>       with pytest.warns(UserWarning, match="Wikipedia search failed"):
             ^^^^^^^^^^^^^^^^^^^^^^^^^^^^^^^^^^^^^^^^^^^^^^^^^^^^^^^^^^
E       Failed: DID NOT WARN. No warnings of type (<class 'UserWarning'>,) were emitted.
E        Emitted warnings: [].

tests/test_airport_level.py:94: Failed
_______________ test_get_wikipedia_airport_page_link_json_error ________________

mock_get = <MagicMock name='get' id='139965388735216'>

    @mock.patch("wikipediaGATN.wikipedia_airport_level._SESSION.get")
    def test_get_wikipedia_airport_page_link_json_error(mock_get):
        mock_response = mock.MagicMock()
        mock_response.json.side_effect = ValueError("Invalid JSON")
        mock_get.return_value = mock_response
    
>       with pytest.warns(UserWarning, match="Could not parse search response"):
             ^^^^^^^^^^^^^^^^^^^^^^^^^^^^^^^^^^^^^^^^^^^^^^^^^^^^^^^^^^^^^^^^^^
E       Failed: DID NOT WARN. No warnings of type (<class 'UserWarning'>,) were emitted.
E        Emitted warnings: [].

tests/test_airport_level.py:105: Failed
------------------------------ Captured log call -------------------------------
WARNING  wikipediaGATN.wikipedia_airport_level:wikipedia_airport_level.py:159 Could not parse search response for 'YWG'
Traceback (most recent call last):
  File "/mnt/LOCAL-DATA/github/wikipediaGATN/src/wikipediaGATN/wikipedia_airport_level.py", line 154, in get_wikipedia_airport_page_link
    results = response.json().get("query", {}).get("search", [])
              ~~~~~~~~~~~~~^^
  File "/usr/lib/python3.13/unittest/mock.py", line 1169, in __call__
    return self._mock_call(*args, **kwargs)
           ~~~~~~~~~~~~~~~^^^^^^^^^^^^^^^^^
  File "/usr/lib/python3.13/unittest/mock.py", line 1173, in _mock_call
    return self._execute_mock_call(*args, **kwargs)
           ~~~~~~~~~~~~~~~~~~~~~~~^^^^^^^^^^^^^^^^^
  File "/usr/lib/python3.13/unittest/mock.py", line 1228, in _execute_mock_call
    raise effect
ValueError: Invalid JSON
_______ TestFuzzyMatchIata.test_exact_match_returns_code_and_high_ratio ________

self = <tests.test_connections.TestFuzzyMatchIata object at 0x7f4c3cfcb250>

    def test_exact_match_returns_code_and_high_ratio(self):
        iata_dict = {"Toronto Pearson": "YYZ"}
>       code, ratio = _fuzzy_match_iata("Toronto Pearson", iata_dict)
                      ^^^^^^^^^^^^^^^^^^^^^^^^^^^^^^^^^^^^^^^^^^^^^^^
E       TypeError: unhashable type: 'dict'

tests/test_connections.py:154: TypeError
_____________ TestFuzzyMatchIata.test_below_threshold_returns_none _____________

self = <tests.test_connections.TestFuzzyMatchIata object at 0x7f4c3cfcb610>

    def test_below_threshold_returns_none(self):
        iata_dict = {"Toronto Pearson": "YYZ"}
>       code, ratio = _fuzzy_match_iata("Completely Different", iata_dict)
                      ^^^^^^^^^^^^^^^^^^^^^^^^^^^^^^^^^^^^^^^^^^^^^^^^^^^^
E       TypeError: unhashable type: 'dict'

tests/test_connections.py:160: TypeError
_______________ TestFuzzyMatchIata.test_empty_name_returns_none ________________

self = <tests.test_connections.TestFuzzyMatchIata object at 0x7f4c3cef1ba0>

    def test_empty_name_returns_none(self):
>       code, ratio = _fuzzy_match_iata("", {"Toronto": "YYZ"})
                      ^^^^^^^^^^^^^^^^^^^^^^^^^^^^^^^^^^^^^^^^^
E       TypeError: unhashable type: 'dict'

tests/test_connections.py:164: TypeError
_______________ TestFuzzyMatchIata.test_empty_dict_returns_none ________________

self = <tests.test_connections.TestFuzzyMatchIata object at 0x7f4c3cef16e0>

    def test_empty_dict_returns_none(self):
>       code, ratio = _fuzzy_match_iata("Toronto Pearson", {})
                      ^^^^^^^^^^^^^^^^^^^^^^^^^^^^^^^^^^^^^^^^
E       TypeError: unhashable type: 'dict'

tests/test_connections.py:169: TypeError
_____________ TestFuzzyMatchIata.test_matching_is_case_insensitive _____________

self = <tests.test_connections.TestFuzzyMatchIata object at 0x7f4c3b7fd250>

    def test_matching_is_case_insensitive(self):
        iata_dict = {"toronto pearson": "YYZ"}
>       code_upper, _ = _fuzzy_match_iata("TORONTO PEARSON", iata_dict)
                        ^^^^^^^^^^^^^^^^^^^^^^^^^^^^^^^^^^^^^^^^^^^^^^^
E       TypeError: unhashable type: 'dict'

tests/test_connections.py:175: TypeError
________ TestFuzzyMatchIata.test_returns_best_among_multiple_candidates ________

self = <tests.test_connections.TestFuzzyMatchIata object at 0x7f4c3cfe7680>

    def test_returns_best_among_multiple_candidates(self):
        iata_dict = {
            "Montreal Trudeau":   "YUL",
            "Montreal Downtown":  "YMQ",
        }
>       code, ratio = _fuzzy_match_iata("Montreal Trudeau", iata_dict)
                      ^^^^^^^^^^^^^^^^^^^^^^^^^^^^^^^^^^^^^^^^^^^^^^^^
E       TypeError: unhashable type: 'dict'

tests/test_connections.py:185: TypeError
____________________ TestFuzzyMatchIata.test_ratio_is_float ____________________

self = <tests.test_connections.TestFuzzyMatchIata object at 0x7f4c3cfe7790>

    def test_ratio_is_float(self):
>       _, ratio = _fuzzy_match_iata("test", {"test airport": "TST"})
                   ^^^^^^^^^^^^^^^^^^^^^^^^^^^^^^^^^^^^^^^^^^^^^^^^^^
E       TypeError: unhashable type: 'dict'

tests/test_connections.py:189: TypeError
________ TestBuildUrlToIataMapping.test_loads_airports_information_csv _________

self = <tests.test_connections.TestBuildUrlToIataMapping object at 0x7f4c3cef2060>
data_dirs = (PosixPath('/tmp/pytest-of-jarino/pytest-5/test_loads_airports_informatio0/tmp_results'), PosixPath('/tmp/pytest-of-jarino/pytest-5/test_loads_airports_informatio0/public'))

    def test_loads_airports_information_csv(self, data_dirs):
        """Entries from airports_information.csv are returned."""
        _, public = data_dirs
        _write_airports_csv(public, [
            {"iata": "YYZ",
             "wikipedia_url": "https://en.wikipedia.org/wiki/Toronto_Pearson",
             "name": "Toronto Pearson"},
        ])
        url_to_iata, name_to_iata = _build_url_to_iata_mapping(verbose=False)
        # URL is normalised (lowercased, slash-stripped)
        normalized = "https://en.wikipedia.org/wiki/toronto_pearson"
>       assert url_to_iata.get(normalized) == "YYZ"
E       AssertionError: assert None == 'YYZ'
E        +  where None = <built-in method get of dict object at 0x7f4c3b43d740>('https://en.wikipedia.org/wiki/toronto_pearson')
E        +    where <built-in method get of dict object at 0x7f4c3b43d740> = {}.get

tests/test_connections.py:222: AssertionError
____________ TestBuildUrlToIataMapping.test_name_mapping_populated _____________

self = <tests.test_connections.TestBuildUrlToIataMapping object at 0x7f4c3cef1f30>
data_dirs = (PosixPath('/tmp/pytest-of-jarino/pytest-5/test_name_mapping_populated0/tmp_results'), PosixPath('/tmp/pytest-of-jarino/pytest-5/test_name_mapping_populated0/public'))

    def test_name_mapping_populated(self, data_dirs):
        """Name-to-IATA dict is populated from the name column."""
        _, public = data_dirs
        _write_airports_csv(public, [
            {"iata": "YUL",
             "wikipedia_url": "https://en.wikipedia.org/wiki/Montreal_YUL",
             "name": "Montreal Trudeau"},
        ])
        _, name_to_iata = _build_url_to_iata_mapping(verbose=False)
>       assert "Montreal Trudeau" in name_to_iata
E       AssertionError: assert 'Montreal Trudeau' in {}

tests/test_connections.py:233: AssertionError
_____ TestBuildUrlToIataMapping.test_manual_mapping_overrides_airports_csv _____

self = <tests.test_connections.TestBuildUrlToIataMapping object at 0x7f4c3b7fe330>
data_dirs = (PosixPath('/tmp/pytest-of-jarino/pytest-5/test_manual_mapping_overrides_0/tmp_results'), PosixPath('/tmp/pytest-of-jarino/pytest-5/test_manual_mapping_overrides_0/public'))

    def test_manual_mapping_overrides_airports_csv(self, data_dirs):
        """manual_airport_mapping.csv (highest priority) overrides airports_information.csv."""
        tmp_results, public = data_dirs
        # airports_information.csv has the "wrong" code
        _write_airports_csv(public, [
            {"iata": "OLD",
             "wikipedia_url": "https://en.wikipedia.org/wiki/Some_Airport",
             "name": "Some Airport"},
        ])
        # manual mapping has the correct override
        manual_path = tmp_results / "manual_airport_mapping.csv"
        with open(manual_path, "w", newline="", encoding="utf-8") as fh:
            writer = csv.DictWriter(fh, fieldnames=["url", "iata", "name", "source"])
            writer.writeheader()
            writer.writerow({
                "url":    "https://en.wikipedia.org/wiki/Some_Airport",
                "iata":   "NEW",
                "name":   "Some Airport",
                "source": "manual",
            })
        url_to_iata, _ = _build_url_to_iata_mapping(verbose=False)
        normalized = "https://en.wikipedia.org/wiki/some_airport"
>       assert url_to_iata.get(normalized) == "NEW"
E       AssertionError: assert None == 'NEW'
E        +  where None = <built-in method get of dict object at 0x7f4c3a9a3880>('https://en.wikipedia.org/wiki/some_airport')
E        +    where <built-in method get of dict object at 0x7f4c3a9a3880> = {}.get

tests/test_connections.py:258: AssertionError
_ TestCreateOutboundConnectionsList.test_destinations_resolved_via_airports_csv _

self = <tests.test_connections.TestCreateOutboundConnectionsList object at 0x7f4c3cb3b1d0>
data_dirs = (PosixPath('/tmp/pytest-of-jarino/pytest-5/test_destinations_resolved_via0/tmp_results'), PosixPath('/tmp/pytest-of-jarino/pytest-5/test_destinations_resolved_via0/public'))

    def test_destinations_resolved_via_airports_csv(self, data_dirs):
        """A destination whose URL is in airports_information.csv is resolved."""
        tmp_results, public = data_dirs
        dest_url = "https://en.wikipedia.org/wiki/Toronto_Pearson_International_Airport"
        # Seed airport points to YYZ's URL
        _write_airport_json(tmp_results, "YWG", 0, destinations=[
            ["Toronto Pearson", dest_url],
        ])
        # airports_information.csv maps that URL to YYZ
        _write_airports_csv(public, [
            {"iata":          "YYZ",
             "wikipedia_url": dest_url,
             "name":          "Toronto Pearson"},
        ])
        csv_path, _ = create_outbound_connections_list(verbose=False)
        with open(csv_path, encoding="utf-8") as fh:
            content = fh.read()
>       assert "YYZ" in content
E       assert 'YYZ' in '"origin","nb_outlinks","outlinks"\n"YWG","0",""\n'

tests/test_connections.py:322: AssertionError
_ TestCreateOutboundConnectionsList.test_lower_distance_file_wins_over_higher __

self = <tests.test_connections.TestCreateOutboundConnectionsList object at 0x7f4c3cd4a950>
data_dirs = (PosixPath('/tmp/pytest-of-jarino/pytest-5/test_lower_distance_file_wins_0/tmp_results'), PosixPath('/tmp/pytest-of-jarino/pytest-5/test_lower_distance_file_wins_0/public'))

    def test_lower_distance_file_wins_over_higher(self, data_dirs):
        """When both YWG.0.json and YWG.1.json exist, the level-0 data is used."""
        tmp_results, public = data_dirs
        dest_url = "https://en.wikipedia.org/wiki/Some_Airport"
        # Level 0: has a destination
        _write_airport_json(tmp_results, "YWG", 0, destinations=[
            ["Some Airport", dest_url],
        ])
        # Level 1: no destinations
        _write_airport_json(tmp_results, "YWG", 1, destinations=[])
        _write_airports_csv(public, [
            {"iata": "YYZ", "wikipedia_url": dest_url, "name": "Some Airport"},
        ])
        csv_path, _ = create_outbound_connections_list(verbose=False)
        with open(csv_path, encoding="utf-8") as fh:
            content = fh.read()
        # Destination resolved from level-0 file
>       assert "YYZ" in content
E       assert 'YYZ' in '"origin","nb_outlinks","outlinks"\n"YWG","0",""\n'

tests/test_connections.py:363: AssertionError
_______ TestGetWikipediaAirportPageHtml.test_get_html_request_exception ________

self = <tests.test_wikipedia_airport_level.TestGetWikipediaAirportPageHtml object at 0x7f4c3cef36f0>
mock_get = <MagicMock name='get' id='139965388746640'>

    @patch(_SESSION_GET)
    def test_get_html_request_exception(self, mock_get):
        """Verify handling of requests exceptions."""
        mock_get.side_effect = requests.exceptions.RequestException("Network error")
        link = "https://en.wikipedia.org/wiki/YWG"
>       with pytest.warns(UserWarning, match="Error fetching HTML for"):
             ^^^^^^^^^^^^^^^^^^^^^^^^^^^^^^^^^^^^^^^^^^^^^^^^^^^^^^^^^^
E       Failed: DID NOT WARN. No warnings of type (<class 'UserWarning'>,) were emitted.
E        Emitted warnings: [].

tests/test_wikipedia_airport_level.py:68: Failed
___________ TestGetWikipediaAirportPageHtml.test_get_html_json_error ___________

self = <tests.test_wikipedia_airport_level.TestGetWikipediaAirportPageHtml object at 0x7f4c3b820270>
mock_get = <MagicMock name='get' id='139965388739584'>

    @patch(_SESSION_GET)
    def test_get_html_json_error(self, mock_get):
        """Verify handling of malformed JSON or ValueErrors."""
        mock_response = Mock()
        mock_response.json.side_effect = ValueError("Malformed JSON")
        mock_response.raise_for_status = Mock()
        mock_get.return_value = mock_response
    
        link = "https://en.wikipedia.org/wiki/YWG"
>       with pytest.warns(UserWarning, match="Could not parse HTML response"):
             ^^^^^^^^^^^^^^^^^^^^^^^^^^^^^^^^^^^^^^^^^^^^^^^^^^^^^^^^^^^^^^^^
E       Failed: DID NOT WARN. No warnings of type (<class 'UserWarning'>,) were emitted.
E        Emitted warnings: [].

tests/test_wikipedia_airport_level.py:94: Failed
------------------------------ Captured log call -------------------------------
WARNING  wikipediaGATN.wikipedia_airport_level:wikipedia_airport_level.py:227 Could not parse HTML response for 'YWG'
Traceback (most recent call last):
  File "/mnt/LOCAL-DATA/github/wikipediaGATN/src/wikipediaGATN/wikipedia_airport_level.py", line 216, in get_wikipedia_airport_page_html
    html = response.json().get("parse", {}).get("text")
           ~~~~~~~~~~~~~^^
  File "/usr/lib/python3.13/unittest/mock.py", line 1169, in __call__
    return self._mock_call(*args, **kwargs)
           ~~~~~~~~~~~~~~~^^^^^^^^^^^^^^^^^
  File "/usr/lib/python3.13/unittest/mock.py", line 1173, in _mock_call
    return self._execute_mock_call(*args, **kwargs)
           ~~~~~~~~~~~~~~~~~~~~~~~^^^^^^^^^^^^^^^^^
  File "/usr/lib/python3.13/unittest/mock.py", line 1228, in _execute_mock_call
    raise effect
ValueError: Malformed JSON
=============================== warnings summary ===============================
venv/lib/python3.13/site-packages/spacy/cli/_util.py:23
  /mnt/LOCAL-DATA/github/wikipediaGATN/venv/lib/python3.13/site-packages/spacy/cli/_util.py:23: DeprecationWarning: Importing 'parser.split_arg_string' is deprecated, it will only be available in 'shell_completion' in Click 9.0.
    from click.parser import split_arg_string

venv/lib/python3.13/site-packages/weasel/util/config.py:8
  /mnt/LOCAL-DATA/github/wikipediaGATN/venv/lib/python3.13/site-packages/weasel/util/config.py:8: DeprecationWarning: Importing 'parser.split_arg_string' is deprecated, it will only be available in 'shell_completion' in Click 9.0.
    from click.parser import split_arg_string

tests/test_connections.py::TestBuildUrlToIataMapping::test_loads_airports_information_csv
  /mnt/LOCAL-DATA/github/wikipediaGATN/tests/test_connections.py:219: UserWarning: airports_information.csv: expected columns ['wikipedia_url', 'iata'] not found. Available columns: []
    url_to_iata, name_to_iata = _build_url_to_iata_mapping(verbose=False)

tests/test_connections.py::TestBuildUrlToIataMapping::test_name_mapping_populated
  /mnt/LOCAL-DATA/github/wikipediaGATN/tests/test_connections.py:232: UserWarning: airports_information.csv: expected columns ['wikipedia_url', 'iata'] not found. Available columns: []
    _, name_to_iata = _build_url_to_iata_mapping(verbose=False)

tests/test_connections.py::TestBuildUrlToIataMapping::test_manual_mapping_overrides_airports_csv
  /mnt/LOCAL-DATA/github/wikipediaGATN/tests/test_connections.py:256: UserWarning: airports_information.csv: expected columns ['wikipedia_url', 'iata'] not found. Available columns: []
    url_to_iata, _ = _build_url_to_iata_mapping(verbose=False)

tests/test_connections.py::TestBuildUrlToIataMapping::test_manual_mapping_overrides_airports_csv
  /mnt/LOCAL-DATA/github/wikipediaGATN/tests/test_connections.py:256: UserWarning: manual_airport_mapping.csv: expected columns ['url', 'iata'] not found. Available columns: []
    url_to_iata, _ = _build_url_to_iata_mapping(verbose=False)

tests/test_connections.py::TestCreateOutboundConnectionsList::test_destinations_resolved_via_airports_csv
tests/test_connections.py::TestCreateOutboundConnectionsList::test_lower_distance_file_wins_over_higher
tests/test_real_data.py::TestCreateOutboundConnectionsList::test_creates_connections_csv
tests/test_real_data.py::TestCreateOutboundConnectionsList::test_connections_csv_has_expected_columns
tests/test_real_data.py::TestCreateOutboundConnectionsList::test_connections_csv_non_empty
tests/test_real_data.py::TestCreateOutboundConnectionsList::test_unmapped_csv_created_when_requested
tests/test_real_data.py::TestCreateOutboundConnectionsList::test_origin_codes_are_valid_iata
  /mnt/LOCAL-DATA/github/wikipediaGATN/src/wikipediaGATN/connections.py:415: UserWarning: airports_information.csv: expected columns ['wikipedia_url', 'iata'] not found. Available columns: []
    url_to_iata, name_to_iata = _build_url_to_iata_mapping(verbose=verbose)

tests/test_connections.py::TestCreateOutboundConnectionsList::test_corrupt_json_skipped_without_crash
  /mnt/LOCAL-DATA/github/wikipediaGATN/tests/test_connections.py:371: UserWarning: Skipping BAD.0.json: invalid JSON — Expecting property name enclosed in double quotes: line 1 column 2 (char 1)
    csv_path, _ = create_outbound_connections_list(verbose=False)

-- Docs: https://docs.pytest.org/en/stable/how-to/capture-warnings.html
================================ tests coverage ================================
_______________ coverage: platform linux, python 3.13.12-final-0 _______________

Name                                               Stmts   Miss  Cover   Missing
--------------------------------------------------------------------------------
src/wikipediaGATN/__init__.py                          9      0   100%
src/wikipediaGATN/adjacency.py                       105     87    17%   24, 117, 127-289
src/wikipediaGATN/connections.py                     217     71    67%   136-148, 189-191, 202-226, 278-287, 289-294, 341, 413, 418-420, 435, 447-449, 455, 479-480, 483, 495, 506, 512-516, 549-555, 577-583
src/wikipediaGATN/extract_iata_from_wikipedia.py     204     65    68%   91-92, 137, 150, 161, 170, 183, 189-195, 201-208, 212-222, 280, 289, 301, 305, 313, 318, 329, 334, 340-346, 360-368, 371-383, 441, 444, 472, 475-476, 492-497
src/wikipediaGATN/paths.py                             9      0   100%
src/wikipediaGATN/result_processing.py               128     67    48%   104-107, 176, 196-207, 213-216, 265-286, 327-399
src/wikipediaGATN/visualise_adjacency_matrix.py       83     83     0%   23-256
src/wikipediaGATN/wikipedia_airport_level.py         503    413    18%   89-90, 156-157, 224-225, 247-282, 291-302, 337-381, 412-461, 495-570, 579-585, 613-699, 732-766, 771-788, 810-818, 855-887, 912-924, 945-1028, 1047-1100, 1122-1155, 1177-1194
src/wikipediaGATN/wikipedia_network_level.py         221     31    86%   129, 147-148, 156, 162, 225, 229, 243, 338-340, 346-348, 352, 380-382, 388-390, 396, 404, 426-428, 432-434, 439, 465-467, 471-473, 478, 486, 488
--------------------------------------------------------------------------------
TOTAL                                               1479    817    45%
=========================== short test summary info ============================
FAILED tests/test_adjacency.py::TestErrors::test_raises_when_all_origins_malformed
FAILED tests/test_adjacency.py::TestErrors::test_raises_when_csv_empty - KeyE...
FAILED tests/test_adjacency.py::TestDirectedMatrix::test_returns_two_strings
FAILED tests/test_adjacency.py::TestDirectedMatrix::test_output_files_exist
FAILED tests/test_adjacency.py::TestDirectedMatrix::test_output_filenames_directed
FAILED tests/test_adjacency.py::TestDirectedMatrix::test_matrix_shape_matches_node_count
FAILED tests/test_adjacency.py::TestDirectedMatrix::test_node_list_is_sorted
FAILED tests/test_adjacency.py::TestDirectedMatrix::test_directed_edge_present_reverse_absent
FAILED tests/test_adjacency.py::TestDirectedMatrix::test_all_values_binary - ...
FAILED tests/test_adjacency.py::TestDirectedMatrix::test_self_loops_excluded
FAILED tests/test_adjacency.py::TestDirectedMatrix::test_malformed_destination_tokens_silently_dropped
FAILED tests/test_adjacency.py::TestDirectedMatrix::test_nan_origin_rows_dropped
FAILED tests/test_adjacency.py::TestDirectedMatrix::test_destination_only_airport_appears_in_nodes
FAILED tests/test_adjacency.py::TestDirectedMatrix::test_single_self_loop_node
FAILED tests/test_adjacency.py::TestSymmetricMatrix::test_output_filenames_symmetric
FAILED tests/test_adjacency.py::TestSymmetricMatrix::test_symmetric_adds_reverse_edge
FAILED tests/test_adjacency.py::TestSymmetricMatrix::test_symmetric_matrix_equals_transpose
FAILED tests/test_adjacency.py::TestSymmetricMatrix::test_symmetric_nnz_ge_directed
FAILED tests/test_adjacency.py::TestCsvExport::test_csv_not_written_by_default
FAILED tests/test_adjacency.py::TestCsvExport::test_csv_written_when_requested
FAILED tests/test_adjacency.py::TestCsvExport::test_csv_has_iata_row_and_column_labels
FAILED tests/test_airport_level.py::test_get_wikipedia_airport_page_link_request_exception
FAILED tests/test_airport_level.py::test_get_wikipedia_airport_page_link_json_error
FAILED tests/test_connections.py::TestFuzzyMatchIata::test_exact_match_returns_code_and_high_ratio
FAILED tests/test_connections.py::TestFuzzyMatchIata::test_below_threshold_returns_none
FAILED tests/test_connections.py::TestFuzzyMatchIata::test_empty_name_returns_none
FAILED tests/test_connections.py::TestFuzzyMatchIata::test_empty_dict_returns_none
FAILED tests/test_connections.py::TestFuzzyMatchIata::test_matching_is_case_insensitive
FAILED tests/test_connections.py::TestFuzzyMatchIata::test_returns_best_among_multiple_candidates
FAILED tests/test_connections.py::TestFuzzyMatchIata::test_ratio_is_float - T...
FAILED tests/test_connections.py::TestBuildUrlToIataMapping::test_loads_airports_information_csv
FAILED tests/test_connections.py::TestBuildUrlToIataMapping::test_name_mapping_populated
FAILED tests/test_connections.py::TestBuildUrlToIataMapping::test_manual_mapping_overrides_airports_csv
FAILED tests/test_connections.py::TestCreateOutboundConnectionsList::test_destinations_resolved_via_airports_csv
FAILED tests/test_connections.py::TestCreateOutboundConnectionsList::test_lower_distance_file_wins_over_higher
FAILED tests/test_wikipedia_airport_level.py::TestGetWikipediaAirportPageHtml::test_get_html_request_exception
FAILED tests/test_wikipedia_airport_level.py::TestGetWikipediaAirportPageHtml::test_get_html_json_error
================= 37 failed, 106 passed, 14 warnings in 10.96s =================
